
Running 115 tests using 1 worker

  ok   1 [mobile-390] › e2e\api.spec.ts:9:9 › 11-12. Custodial endpoints are gone › POST /api/custodial/create-wallet -> 410 (188ms)
  ok   2 [mobile-390] › e2e\api.spec.ts:9:9 › 11-12. Custodial endpoints are gone › POST /api/custodial/sign-transaction -> 410 (74ms)
  ok   3 [mobile-390] › e2e\api.spec.ts:19:7 › 11-12. Custodial endpoints are gone › GET /api/custodial/create-wallet -> 410 (50ms)
  ok   4 [mobile-390] › e2e\api.spec.ts:31:9 › Stripe on-ramp is off for CLOCK IN (self-custodial only) › POST /api/stripe/checkout -> 410 (55ms)
  ok   5 [mobile-390] › e2e\api.spec.ts:31:9 › Stripe on-ramp is off for CLOCK IN (self-custodial only) › GET /api/stripe/checkout?amount=20 -> 410 (52ms)
  ok   6 [mobile-390] › e2e\api.spec.ts:31:9 › Stripe on-ramp is off for CLOCK IN (self-custodial only) › POST /api/stripe/webhook -> 410 (95ms)
  ok   7 [mobile-390] › e2e\api.spec.ts:51:7 › 13. Cron draw requires CRON_SECRET › GET without Authorization is rejected (39ms)
  ok   8 [mobile-390] › e2e\api.spec.ts:55:7 › 13. Cron draw requires CRON_SECRET › GET with a guessed bearer is rejected (blank secret never matches) (39ms)
  ok   9 [mobile-390] › e2e\api.spec.ts:65:7 › 13. Cron draw requires CRON_SECRET › POST without a secret is rejected (45ms)
  ok  10 [mobile-390] › e2e\bezel.spec.ts:11:7 › Dial › software WebGL (SwiftShader) keeps the SVG dial (3.4s)
  ok  11 [mobile-390] › e2e\bezel.spec.ts:25:7 › Dial › ?dial=svg keeps the SVG dial (3.0s)
  ok  12 [mobile-390] › e2e\bezel.spec.ts:37:7 › Dial › a signed-in Home reaches the 3D dial when its dial changes mid-compile (9.0s)
  ok  13 [mobile-390] › e2e\bezel.spec.ts:79:7 › Dial › ?dial=3d forces the Three.js dial and it draws (4.3s)
  ok  14 [mobile-390] › e2e\bezel.spec.ts:88:5 › the History tab reads from what the page already loaded (3 program reads) (2.5s)
  -   15 [mobile-390] › e2e\chain.spec.ts:115:5 › a two-seat circle runs end to end through the UI on a real chain
  ok  16 [mobile-390] › e2e\create-success.spec.ts:31:5 › the invite code is shown, copies, is kept for the circle page, and opens the pool (E2E-13) (6.1s)
  ok  17 [mobile-390] › e2e\create-success.spec.ts:60:5 › Take your seat joins the new circle with the code just shown (3.8s)
  ok  18 [mobile-390] › e2e\create-success.spec.ts:80:5 › Automatic draws create an auto circle, and its seat takes the stake on join (3.5s)
  ok  19 [mobile-390] › e2e\create-success.spec.ts:96:5 › if the code never comes back the screen says so, and invents nothing (16.7s)
  ok  20 [mobile-390] › e2e\header.spec.ts:34:9 › Header on every route (disconnected) › /: brand/back, title, Connect and theme all work (2.2s)
  ok  21 [mobile-390] › e2e\header.spec.ts:34:9 › Header on every route (disconnected) › /pools/create: brand/back, title, Connect and theme all work (2.3s)
  ok  22 [mobile-390] › e2e\header.spec.ts:34:9 › Header on every route (disconnected) › /join: brand/back, title, Connect and theme all work (2.2s)
  ok  23 [mobile-390] › e2e\header.spec.ts:34:9 › Header on every route (disconnected) › /pools/9xQeWvG816bUx9EPjHmaT23yvVM2ZWbrrpZb9PusVFin: brand/back, title, Connect and theme all work (2.5s)
  ok  24 [mobile-390] › e2e\header.spec.ts:34:9 › Header on every route (disconnected) › /pools/11111111111111111111111111111112: brand/back, title, Connect and theme all work (2.3s)
  ok  25 [mobile-390] › e2e\header.spec.ts:34:9 › Header on every route (disconnected) › /pools/not-a-pool: brand/back, title, Connect and theme all work (2.2s)
  ok  26 [mobile-390] › e2e\header.spec.ts:34:9 › Header on every route (disconnected) › /does-not-exist: brand/back, title, Connect and theme all work (2.3s)
  ok  27 [mobile-390] › e2e\header.spec.ts:69:7 › Header on every route (disconnected) › header stays on screen while scrolling (1.4s)
  ok  28 [mobile-390] › e2e\header.spec.ts:80:7 › Header on every route (disconnected) › Back from a deep link goes Home instead of leaving the app (1.5s)
  ok  29 [mobile-390] › e2e\header.spec.ts:88:7 › Header on every route (disconnected) › Back after in-app navigation returns to the previous screen (1.5s)
  ok  30 [mobile-390] › e2e\header.spec.ts:98:7 › Header with a connected wallet › chip shows the wallet on every route and survives reload (9.9s)
  ok  31 [mobile-390] › e2e\header.spec.ts:130:7 › Header with a connected wallet › home shows an honest error when pools can't be loaded (2.1s)
  ok  32 [mobile-390] › e2e\home-pay.spec.ts:16:5 › Home shows your Due on the row and pays the next circle in place (2.4s)
  ok  33 [mobile-390] › e2e\home-pay.spec.ts:38:5 › a transaction that lands but fails on-chain is reported as failed, not done (2.6s)
  ok  34 [mobile-390] › e2e\pool-actions.spec.ts:42:7 › Pending pool › a visitor is sent to Join with an invite code (2.4s)
  ok  35 [mobile-390] › e2e\pool-actions.spec.ts:50:7 › Pending pool › a member without a stake deposits it, and sees how much (3.4s)
  ok  36 [mobile-390] › e2e\pool-actions.spec.ts:56:7 › Pending pool › the authority cannot start until every member has staked (E2E-10) (5.3s)
  ok  37 [mobile-390] › e2e\pool-actions.spec.ts:69:7 › Pending pool › the authority cannot start below capacity (E2E-14, #13) (3.7s)
  ok  38 [mobile-390] › e2e\pool-actions.spec.ts:79:7 › Pending pool › the authority starts a full pool once everyone has staked (3.4s)
  ok  39 [mobile-390] › e2e\pool-actions.spec.ts:88:7 › Pending pool › a member can leave before the start, after confirming (3.8s)
  ok  40 [mobile-390] › e2e\pool-actions.spec.ts:102:7 › Invite on the circle page › members see the code while seats are open, and can copy and share it (2.9s)
  ok  41 [mobile-390] › e2e\pool-actions.spec.ts:112:7 › Invite on the circle page › a code this device saved shows without reading the chain (2.7s)
  ok  42 [mobile-390] › e2e\pool-actions.spec.ts:121:7 › Invite on the circle page › a visitor doesn't see the code (2.8s)
  ok  43 [mobile-390] › e2e\pool-actions.spec.ts:127:7 › Invite on the circle page › the host's own seat is one tap away (2.6s)
  ok  44 [mobile-390] › e2e\pool-actions.spec.ts:133:7 › Invite on the circle page › a full circle doesn't offer the invite (3.8s)
  ok  45 [mobile-390] › e2e\pool-actions.spec.ts:153:7 › Active pool › a staked member pays the round (8.4s)
  ok  46 [mobile-390] › e2e\pool-actions.spec.ts:160:7 › Active pool › a member who paid sees it and cannot pay twice (2.6s)
  ok  47 [mobile-390] › e2e\pool-actions.spec.ts:169:7 › Active pool › a slashed member in grace is offered a restake, not a failing Pay (E2E-11) (3.6s)
  ok  48 [mobile-390] › e2e\pool-actions.spec.ts:180:7 › Active pool › an unstaked member of a started pool is told payments are blocked (E2E-10) (2.3s)
  ok  49 [mobile-390] › e2e\pool-actions.spec.ts:188:7 › Active pool › a removed member can rejoin by paying a fresh stake and the missed round (2.9s)
  ok  50 [mobile-390] › e2e\pool-actions.spec.ts:195:7 › Active pool › a payment the wallet can't cover is held back, with a faucet link (2.3s)
  ok  51 [mobile-390] › e2e\pool-actions.spec.ts:218:7 › Draw, missed payments and refunds › the draw opens after the deadline once every seat has paid, and commits first (4.3s)
  ok  52 [mobile-390] › e2e\pool-actions.spec.ts:225:7 › Draw, missed payments and refunds › an unpaid seat past the deadline is marked before any draw (4.7s)
  ok  53 [mobile-390] › e2e\pool-actions.spec.ts:232:7 › Draw, missed payments and refunds › two missed seats are marked with one approval (3.7s)
  ok  54 [mobile-390] › e2e\pool-actions.spec.ts:245:7 › Draw, missed payments and refunds › a seat marked this round still holds the draw until it pays (2.4s)
  ok  55 [mobile-390] › e2e\pool-actions.spec.ts:252:7 › Draw, missed payments and refunds › a seat still in grace from an earlier round holds the draw (2.3s)
  ok  56 [mobile-390] › e2e\pool-actions.spec.ts:259:7 › Draw, missed payments and refunds › the draw waits for the deadline even when everyone has paid (2.5s)
  ok  57 [mobile-390] › e2e\pool-actions.spec.ts:265:7 › Draw, missed payments and refunds › a half-done draw is finished with one approval, without a new commit (2.7s)
  ok  58 [mobile-390] › e2e\pool-actions.spec.ts:271:7 › Draw, missed payments and refunds › an expired draw is explained, not retried (2.4s)
  ok  59 [mobile-390] › e2e\pool-actions.spec.ts:277:7 › Draw, missed payments and refunds › a stale page can't start the draw for a round that already moved (3.3s)
  ok  60 [mobile-390] › e2e\pool-actions.spec.ts:287:7 › Draw, missed payments and refunds › a seat marked without a stake to slash holds the draw (8.9s)
  ok  61 [mobile-390] › e2e\pool-actions.spec.ts:293:7 › Draw, missed payments and refunds › in a stake-free circle a marked seat holds the draw: nothing covers its share (4.1s)
  ok  62 [mobile-390] › e2e\pool-actions.spec.ts:302:7 › Draw, missed payments and refunds › automatic circles leave the first two minutes after the deadline to the server (5.8s)
  ok  63 [mobile-390] › e2e\pool-actions.spec.ts:308:7 › Draw, missed payments and refunds › a seat whose grace is over is removed, and the button says so (11.8s)
  ok  64 [mobile-390] › e2e\pool-actions.spec.ts:317:7 › Draw, missed payments and refunds › a removed seat doesn't hold the draw (10.1s)
  ok  65 [mobile-390] › e2e\pool-actions.spec.ts:323:7 › Draw, missed payments and refunds › with a draw started, an unpaid member pays first (4.2s)
  ok  66 [mobile-390] › e2e\pool-actions.spec.ts:330:7 › Draw, missed payments and refunds › before the deadline only the host can finish a draw they started early (4.7s)
  ok  67 [mobile-390] › e2e\pool-actions.spec.ts:336:7 › Draw, missed payments and refunds › the last seat that can win isn't marked: the round waits for it to pay (4.0s)
  ok  68 [mobile-390] › e2e\pool-actions.spec.ts:345:7 › Draw, missed payments and refunds › a seat that already won is still marked while the last one that can win owes the round (4.0s)
  ok  69 [mobile-390] › e2e\pool-actions.spec.ts:354:7 › Draw, missed payments and refunds › the host pays before finishing a draw started early: the program needs every seat paid (3.4s)
  ok  70 [mobile-390] › e2e\pool-actions.spec.ts:363:7 › Draw, missed payments and refunds › a started draw isn't finished while a seat still owes the round (4.3s)
  ok  71 [mobile-390] › e2e\pool-actions.spec.ts:371:7 › Draw, missed payments and refunds › a finished circle gives the stake back (3.3s)
  ok  72 [mobile-390] › e2e\pool-actions.spec.ts:376:7 › Draw, missed payments and refunds › anyone can send the remaining stakes back once a circle is complete (3.1s)
  ok  73 [mobile-390] › e2e\transactions.spec.ts:20:7 › Create pool transaction › sends exact lamports and the UTF-8 name, and survives a refused signature (2.8s)
  ok  74 [mobile-390] › e2e\transactions.spec.ts:59:7 › Create pool transaction › amount input keeps one decimal point and at most 9 decimals (E2E-8) (1.8s)
  ok  75 [mobile-390] › e2e\transactions.spec.ts:68:7 › Create pool transaction › an amount below one lamport cannot be submitted (2.3s)
  ok  76 [mobile-390] › e2e\transactions.spec.ts:80:7 › Join pool transaction › sends the typed invite code for the found pool and survives a refused signature (2.9s)
  -   77 [mobile-390] › e2e\ui-proof.spec.ts:241:9 › ui-proof dark walkthrough › first-visit walkthrough
  -   78 [mobile-390] › e2e\ui-proof.spec.ts:260:9 › ui-proof dark › disconnected screens
  -   79 [mobile-390] › e2e\ui-proof.spec.ts:278:9 › ui-proof dark › connected screens
  -   80 [mobile-390] › e2e\ui-proof.spec.ts:241:9 › ui-proof light walkthrough › first-visit walkthrough
  -   81 [mobile-390] › e2e\ui-proof.spec.ts:260:9 › ui-proof light › disconnected screens
  -   82 [mobile-390] › e2e\ui-proof.spec.ts:278:9 › ui-proof light › connected screens
  ok  83 [mobile-390] › e2e\ui.spec.ts:17:7 › 1. Home welcome › leads with one Connect wallet; joining with a code is the Join tab (1.9s)
  ok  84 [mobile-390] › e2e\ui.spec.ts:31:7 › 2. Bottom nav › Home / Create / Join go to three distinct routes (2.8s)
  ok  85 [mobile-390] › e2e\ui.spec.ts:59:7 › 3. Theme toggle › dark -> light changes the html class and the background (2.2s)
  ok  86 [mobile-390] › e2e\ui.spec.ts:86:7 › 3. Theme toggle › one tap from system-dark switches to light (1.5s)
  ok  87 [mobile-390] › e2e\ui.spec.ts:95:7 › 4. Wallet connect sheet › Connect wallet opens the wallet sheet (2.2s)
  ok  88 [mobile-390] › e2e\ui.spec.ts:108:7 › 4. Wallet connect sheet › header Connect chip opens the same sheet (2.1s)
  ok  89 [mobile-390] › e2e\ui.spec.ts:119:7 › 5. Join › invite input normalises, Paste fills it, Find pool reports no match (2.3s)
  ok  90 [mobile-390] › e2e\ui.spec.ts:153:7 › 5. Join › a full code pasted over another full code looks the new one up (1.9s)
  ok  91 [mobile-390] › e2e\ui.spec.ts:163:7 › 5. Join › a wrong code on a reachable network reports no match (1.9s)
  ok  92 [mobile-390] › e2e\ui.spec.ts:172:7 › 5. Join › Find pool shows a matching pool and asks to connect before joining (2.4s)
  ok  93 [mobile-390] › e2e\ui.spec.ts:192:5 › 5b. a shared invite link fills the code and finds the circle (2.1s)
  ok  94 [mobile-390] › e2e\ui.spec.ts:201:7 › 6. Create › name, amount, members, stake None/1x/2x/3x, and Connect wallet to create (3.9s)
  ok  95 [mobile-390] › e2e\ui.spec.ts:259:7 › 7. Pool detail › a pool account renders its detail page (3.6s)
  ok  96 [mobile-390] › e2e\ui.spec.ts:269:7 › 7. Pool detail › an unknown pool address shows an honest not-found state (8.8s)
  ok  97 [mobile-390] › e2e\ui.spec.ts:280:7 › 7. Pool detail › a malformed pool id shows not-found instead of loading forever (E2E-1) (3.2s)
  ok  98 [mobile-390] › e2e\ui.spec.ts:292:7 › 7. Pool detail › an unreachable RPC is reported as a network error with retry (E2E-4) (5.6s)
  ok  99 [mobile-390] › e2e\ui.spec.ts:304:7 › 7. Pool detail › the pool page loads its data once, not twice (provider remount, E2E-6) (4.7s)
  ok 100 [mobile-390] › e2e\ui.spec.ts:322:9 › 8. No Stripe / custodial / NFT copy › clean copy on / (2.8s)
  ok 101 [mobile-390] › e2e\ui.spec.ts:322:9 › 8. No Stripe / custodial / NFT copy › clean copy on /join (2.1s)
  ok 102 [mobile-390] › e2e\ui.spec.ts:322:9 › 8. No Stripe / custodial / NFT copy › clean copy on /pools/create (1.9s)
  ok 103 [mobile-390] › e2e\ui.spec.ts:322:9 › 8. No Stripe / custodial / NFT copy › clean copy on /pools/11111111111111111111111111111112 (1.9s)
  ok 104 [mobile-390] › e2e\ui.spec.ts:333:7 › 9. CSS is applied › Tailwind styles, theme tokens and fonts are in effect (1.3s)
  ok 105 [mobile-390] › e2e\ui.spec.ts:371:5 › 9b. Chivo is the rendered sans font (E2E-2) (1.3s)
  ok 106 [mobile-390] › e2e\ui.spec.ts:388:7 › 10. Safe-area shell › shell is capped at 480px and pads for safe areas (1.7s)
  ok 107 [mobile-390] › e2e\walkthrough.spec.ts:14:5 › first visit shows the walkthrough; finishing lands on Home for good (3.7s)
  ok 108 [mobile-390] › e2e\walkthrough.spec.ts:35:5 › Skip closes it on any screen and it stays closed (3.3s)
  ok 109 [mobile-390] › e2e\walkthrough.spec.ts:50:5 › the last screen is about your wallet, never keys (2.2s)
  ok 110 [mobile-390] › e2e\walkthrough.spec.ts:59:5 › you can try the draw and the approval (2.7s)
  ok 111 [mobile-390] › e2e\walkthrough.spec.ts:73:5 › keys move through it: arrows step, Escape skips, Tab stays inside (3.2s)
  ok 112 [mobile-390] › e2e\walkthrough.spec.ts:97:5 › each beat plays on the app's own dial, never remounted between beats (2.4s)
  ok 113 [mobile-390] › e2e\walkthrough.spec.ts:111:5 › the 3D dial plays each beat, then hands the landing dial a warm engine (20.4s)
  ok 114 [mobile-390] › e2e\walkthrough.spec.ts:142:7 › reduced motion › each beat rests where it explains itself; a tap jumps to its end (3.9s)
  ok 115 [mobile-390] › e2e\webshell.spec.ts:13:5 › the web shell lists Mobile Wallet Adapter in the wallet sheet (E2E-15, E2E-16) (2.4s)

  7 skipped
  108 passed (6.5m)
