# Every Arisan action against this repo's program on solana-test-validator 1.18 (local, throwaway keys)
# Builders: src/lib/solana/instructions.ts, bound-draw.ts; scenario B's draws run src/lib/solana/scheduler.ts

## Scenario A: manual circle
23:24:52 RPC http://127.0.0.1:18899
23:24:52   ✓ fund a1  tva4cqfeZtutujQS…
23:24:54   ✓ fund a2  5Thu1LLLVd749WB1…
23:24:55   ✓ fund b1  D8H5J9xSxsrpoZwq…
23:24:56   ✓ fund b2  32WF2qrC1P8B5QEM…
23:24:57   ✓ fund b3  4s1Tps28jiv7otEu…
23:24:58 A: manual circle, 2 seats, 0.01 SOL, stake 1×
23:24:58   ✓ create_pool  2B8cD36ufhsQwZ9m…
23:24:59 A: pool FSkRNu6UqnzdmBp7St6wqHv6HaJUQXCJz7xLXHuZJa75, invite code read back (8 chars)
23:25:00   ✓ a1 join  2BaABU8gmfCuVTRg…
23:25:01   ✓ a2 join  4VdwwnPYVMrvJw8Y…
23:25:02   ✓ a1 stake  5qvdC1ZJS8U4dRww…
23:25:03   ✓ a2 stake  sXZwfzDwXBmhnNKX…
23:25:04   ✓ start  3fdYPrnqSFNgGMci…
23:25:06   ✓ a1 pay r1  3K5q22yRmeWjhKSy…
23:25:07   ✓ a2 pay r1  2JdcsTmwxcyHRvR2…
23:25:08 A: waiting for round 1's deadline
23:30:19   ✓ commit round 1  XSSpbcis6vy1ZnP4…
23:30:20   ✓ execute round 1  GkMp8UWBzNbUXSQT…
23:30:21 A: round 1 winner a2; balance change a1 0.0000, a2 0.0182
23:30:21   ✓ a1 pay r2  3nGLm5y18XmWiG31…
23:30:23   ✓ a2 pay r2  4EbHReGByXczssgH…
23:30:23 A: waiting for round 2's deadline
23:35:28   ✓ commit round 2  2FL1SeesMDaGafeh…
23:35:31   ✓ execute round 2  4JCdMiDV4iTqvDW2…
23:35:32 A: round 2 winner a1; balance change a1 0.0182, a2 0.0000
23:35:32 A: status completed
23:35:32   ✓ a1 refund  oKQbLPiUsxt3qpda…
23:35:34   ✓ refund all  ppgXZPE8sTiZS9iS…
23:35:34 A: vault left 0.0000 SOL; a2 stake deposited false
23:45:59 PASS  A refund_all_stakes (a1 pays for a2)

23:45:59 PASS  A create_pool
23:45:59 PASS  A join_pool ×2
23:45:59 PASS  A deposit_stake ×2
23:45:59 PASS  A start_pool
23:45:59 PASS  A make_payment ×2 (round 1)
23:45:59 PASS  A draw round 1 (commit + execute)
23:45:59 PASS  A make_payment ×2 (round 2)
23:45:59 PASS  A draw round 2 (commit + execute)
23:45:59 PASS  A claim_stake_refund (a1)
23:45:59 PASS  A refund_all_stakes (a1 pays for a2)

## Scenario B: automatic circle (rerun with the join order fixed)
23:51:04 RPC http://127.0.0.1:18899
23:51:04 funder FjeBjaHUMJg7Q59eNbEhcJDA9jdPtYBuJms3RdfAwyhk has 0.7000 SOL
23:51:04 funder has 0.7000 SOL, starting
23:51:05   ✓ fund a1  7ymi5XfusEwWhU3R…
23:51:06   ✓ fund a2  56hS9ULSxyXd4GTW…
23:51:07   ✓ fund b1  2oeR4oZz5HUwnpEx…
23:51:09   ✓ fund b3  27iDA7yeNmn6VYey…
23:51:10 B: automatic circle, 2 seats, 0.01 SOL, stake 1×
23:51:10   ✓ create_pool auto  39gEnmhcdEjRrC1y…
23:51:11 B: pool EJWS1qH8U1sTptCLH4qP6UXduFKEJPfEY2sCxijt4eTx
23:51:11   ✓ b3 join  ymjNMkLpFvyw6nD1…
23:51:12   ✓ b3 leave  2nGYwB3eeFXJ4Vy9…
23:51:13 B: b3 got 0.0116 SOL back (stake + member rent - fee)
23:51:14   ✓ b1 join  4C4tTCzNrUPG9WhA…
23:51:14 B: b1 stake 0.0100 SOL, wallet change -0.0116
23:51:15   ✓ b2 join  2NCVjBFJarur4kyh…
23:51:16   ✓ b1 pay r1  4QMJgwTFmBxcbvvN…
23:51:17 B: waiting for round 1's deadline (b2 does not pay)
23:56:30   scheduler round 1: drew b1
23:56:30 B: b2 inGrace true, inDefault true, stakeDeposited false
23:56:30   ✓ b2 restake + pay r2  5HSE3rfns7yRDYCr…
23:56:31   ✓ b1 pay r2  2Lwa8kJ1GAu8xgD4…
23:56:32 B: waiting for round 2's deadline
00:01:44   scheduler round 2: drew b2
00:01:44 B: status completed
00:01:44   ✓ b1 refund  5yfyaGn7PQBey3Cu…
00:01:46   ✓ b2 refund  3LYigXDLcqJyNwS5…
00:01:46 B: vault left 0.0000 SOL
00:01:46 RESULTS
00:01:46 PASS  B create_pool (auto_mode)
00:01:46 PASS  B leave_pool refunds the stake
00:01:46 PASS  B join_pool takes the stake (auto)
00:01:46 PASS  B second join auto-starts the circle
00:01:46 PASS  B make_payment (b1, round 1)
00:01:46 PASS  B scheduler marks b2 and draws round 1
00:01:46 PASS  B restake + pay in one transaction (b2 in grace)
00:01:46 PASS  B make_payment (b1, round 2)
00:01:46 PASS  B scheduler draws round 2
00:01:46 PASS  B claim_stake_refund ×2
00:01:46 10/10 steps passed
